python : 2026-02-22 12:53:52,594 - __main__ - INFO - 
======================================================================
At line:1 char:53
+ ... HACKTHON" ; python test_complete_workflow.py 2>&1 > test_output.txt ; ...
+                 ~~~~~~~~~~~~~~~~~~~~~~~~~~~~~~~~~~~~~~~~~~~~~~~~~~~~~~~
    + CategoryInfo          : NotSpecified: (2026-02-22 12:5...=============== 
   :String) [], RemoteException
    + FullyQualifiedErrorId : NativeCommandError
 
2026-02-22 12:53:52,594 - __main__ - INFO - \U0001f9ea TECHXELARATE HACKATHON 
SYSTEM - COMPLETE WORKFLOW TEST
2026-02-22 12:53:52,594 - __main__ - INFO - 
======================================================================
2026-02-22 12:53:52,594 - __main__ - INFO - 
\U0001f4e6 PHASE 1: Checking all imports...
2026-02-22 12:53:52,732 - __main__ - INFO -   \u2705 config.py imports 
successfully
2026-02-22 12:53:53,057 - __main__ - INFO -   \u2705 models.py imports 
successfully
2026-02-22 12:53:53,092 - __main__ - INFO -   \u2705 schemas.py imports 
successfully
2026-02-22 12:53:53,093 - __main__ - INFO -   \u2705 otp_manager.py imports 
successfully
2026-02-22 12:53:53,164 - __main__ - INFO -   \u2705 otp_service.py imports 
successfully
2026-02-22 12:53:53,166 - __main__ - INFO -   \u2705 idcard_service.py imports 
successfully
2026-02-22 12:53:53,352 - __main__ - INFO -   \u2705 verify_otp_service.py 
imports successfully
2026-02-22 12:53:53,352 - __main__ - INFO -   \u2705 email_service.py imports 
successfully
2026-02-22 12:53:53,352 - __main__ - INFO -   \u2705 utils.py imports 
successfully
2026-02-22 12:53:53,352 - __main__ - INFO - 
\u2714\ufe0f  PHASE 2: Validating Schemas...
2026-02-22 12:53:53,357 - __main__ - INFO -   \u2705 RegisterIn schema valid: 
TestTeam
2026-02-22 12:53:53,357 - __main__ - INFO -   \u2705 OTPIn schema valid: 123456
2026-02-22 12:53:53,357 - __main__ - INFO - 
\U0001f6e0\ufe0f  PHASE 3: Testing Utility Functions...
2026-02-22 12:53:53,357 - __main__ - INFO -   \u2705 OTP generation: 566642
2026-02-22 12:53:53,357 - __main__ - INFO -   \u2705 Team code generation: 
TEAM-SQ5MOD
2026-02-22 12:53:53,357 - __main__ - INFO -   \u2705 Participant ID 
generation: TEAM-SQ5MOD-000
2026-02-22 12:53:53,358 - __main__ - INFO -   \u2705 QR data generation: 155 
bytes
2026-02-22 12:53:53,358 - __main__ - INFO - 
\U0001f510 PHASE 4: Testing OTP Service...
2026-02-22 12:53:53,358 - app.otp_service - INFO - \u2705 OTP generated and 
sent to test@verification.com
2026-02-22 12:53:53,358 - __main__ - INFO -   \u2705 OTP generation with rate 
limit: 831063
2026-02-22 12:53:53,358 - __main__ - INFO -      Message: OTP sent to your 
email (test@verification.com). Valid for 5 minutes.
2026-02-22 12:53:53,358 - app.otp_service - INFO - \u2705 OTP verified 
successfully for test@verification.com
2026-02-22 12:53:53,358 - __main__ - INFO -   \u2705 OTP verification 
successful: valid
2026-02-22 12:53:53,358 - app.otp_service - WARNING - \u26a0\ufe0f Invalid OTP 
attempt for test@verification.com
2026-02-22 12:53:53,358 - __main__ - INFO -   \u2705 Invalid OTP rejection: 
invalid
2026-02-22 12:53:53,358 - __main__ - INFO - 
\U0001f4e7 PHASE 5: Testing Email Service...
2026-02-22 12:53:53,358 - __main__ - INFO -   \u2705 Email configuration loaded
2026-02-22 12:53:53,358 - __main__ - WARNING -   \u26a0\ufe0f  Email 
configuration validation: 'tuple' object has no attribute 'get'
2026-02-22 12:53:53,358 - __main__ - INFO - 
\U0001f3ab PHASE 6: Testing ID Card Service...
2026-02-22 12:53:53,358 - app.idcard_service - INFO - \u2713 IDCardService 
initialized, output_dir: assets
2026-02-22 12:53:53,358 - __main__ - INFO -   \u2705 IDCardService 
instantiated successfully
2026-02-22 12:53:53,377 - __main__ - INFO -   \u2705 QR code generation: (200, 
200)px
2026-02-22 12:53:53,377 - __main__ - INFO - 
\U0001f5c4\ufe0f  PHASE 7: Verifying Database Schema...
2026-02-22 12:53:53,456 - __main__ - INFO -   \u2705 Database connection 
successful
2026-02-22 12:53:53,457 - __main__ - INFO - 
\U0001f6e3\ufe0f  PHASE 8: Verifying Routes Integration...
2026-02-22 12:53:53,632 - __main__ - INFO -   \u2705 verify-otp route found
2026-02-22 12:53:53,632 - __main__ - INFO -      Total routes: 14
2026-02-22 12:53:53,632 - __main__ - INFO - 
======================================================================
2026-02-22 12:53:53,632 - __main__ - INFO - \u2705 ALL TESTS PASSED!
2026-02-22 12:53:53,632 - __main__ - INFO - 
======================================================================
2026-02-22 12:53:53,632 - __main__ - INFO - 
\U0001f4cb Summary:
2026-02-22 12:53:53,632 - __main__ - INFO -   \u2705 All imports successful
2026-02-22 12:53:53,632 - __main__ - INFO -   \u2705 All schemas valid
2026-02-22 12:53:53,633 - __main__ - INFO -   \u2705 All utility functions 
working
2026-02-22 12:53:53,633 - __main__ - INFO -   \u2705 OTP service with rate 
limiting functional
2026-02-22 12:53:53,633 - __main__ - INFO -   \u2705 Email service configured
2026-02-22 12:53:53,633 - __main__ - INFO -   \u2705 ID card service ready
2026-02-22 12:53:53,633 - __main__ - INFO -   \u2705 Database migration 
completed
2026-02-22 12:53:53,633 - __main__ - INFO -   \u2705 Routes integrated
2026-02-22 12:53:53,633 - __main__ - INFO - 
\U0001f680 System is ready for deployment!
2026-02-22 12:53:53,633 - __main__ - INFO - 
======================================================================

